1. Modelos de Datos (`models/`)

Prompt: "Hola, estoy haciendo el backend de mi proyecto para una historia de usuario donde necesito que se vea un mapa interactivo con eventos alrededor del usuario. ¿Me ayudas a estructurar la interfaz en TypeScript (IEvento) para la base de datos de MongoDB? Necesito meterle el título, descripción, fecha, el creador, un array de asistentes y el límite de personas. Ah, y cómo se guardan las coordenadas de latitud y longitud para que luego el mapa de la web las entienda bien."

Se solicitó guía para estructurar el esquema de base de datos de un esdevenimiento compatible con coordenadas geoespaciales de MongoDB para poder situar los elementos en el mapa. 
* **Aporte de la IA:** Propuso la interfaz y el esquema adecuado utilizando GeoJSON (`Point`) para la geolocalización, sugiriendo la inclusión de `ubicacionNombre` para el front-end y el control de asistentes referenciados.
* **Código implementado con soporte de la IA:**
  ```typescript
  export interface IEvento {
      titulo: string;
      descripcion: string;
      fecha: Date;
      ubicacionNombre: string; // Ayuda de la IA en diseño conceptual
      location: {
          type: 'Point';
          coordinates: [number, number]; // [longitud, latitud] - GeoJSON para el mapa
      };
      creador: Types.ObjectId;
      asistentes: Types.ObjectId[];
      maxAsistentes?: number | null;
      activo: boolean;
  }

2. Controllers: Función GetAllEventos: La IA guió en la lógica de recepción de parámetros desde el cliente (como el radio de distancia) y el manejo de respuestas del servidor.

Función asistirEventos: Se recibió soporte para estructurar la lógica que permite a un usuario unirse o abandonar la llista de asistentes (añadir/remover el Types.ObjectId del array de asistentes) validando la petición de forma segura.

3.Lógica de GetAllEventos: Soporte en la construcción de la consulta a la base de datos para intentar procesar el filtrado por coordenadas geográficas y distancia (lo que actualmente se encuentra en revisión para corregir que aplique estrictamente el radio sin ignorar el límite).

4. Middleware:Se utilizó la asistencia de la IA para expandir el middleware genérico de validación (ValidateJoi) desarrollado con la librería Joi, añadiendo las reglas de validación de esquemas específicas para el módulo de eventos.

Aporte de la IA: Ayudó a mapear los campos requeridos en el cliente (lat, lng) con sus respectivas restricciones de rango geográfico (Mín/Máx grados) antes de enviarlos a la base de datos.
código sugerido: evento: {
    create: Joi.object({
        titulo: Joi.string().required(),
        descripcion: Joi.string().required(),
        fecha: Joi.date().required(),
        ubicacionNombre: Joi.string().required(),
        lat: Joi.number().min(-90).max(90).required(),
        lng: Joi.number().min(-180).max(180).required(),
        maxAsistentes: Joi.number().integer().min(1).allow(null, '')
    }),
    update: Joi.object({
        titulo: Joi.string(),
        descripcion: Joi.string(),
        fecha: Joi.date(),
        ubicacionNombre: Joi.string(),
        lat: Joi.number().min(-90).max(90),
        lng: Joi.number().min(-180).max(180),
        maxAsistentes: Joi.number().integer().min(1).allow(null, '')
    })
}

PROMPTS utilizados: 
1. "Hola, estoy haciendo el backend de mi proyecto para una historia de usuario donde necesito que se vea un mapa interactivo con eventos alrededor del usuario. ¿Me ayudas a estructurar la interfaz en TypeScript (IEvento) para la base de datos de MongoDB? Necesito meterle el título, descripción, fecha, el creador, y no se qué más. Ah, y cómo se guardan las coordenadas de latitud y longitud para que luego el mapa de la web las entienda bien."
2. "Tengo que hacer la función de GetAllEventos en el controlador y pasarle la lógica al servicio. La idea es que desde la web le manden unas coordenadas y una distancia máxima para que devuelva solo los eventos que están cerca del usuario. ¿Cómo estructuro la función en el controlador para pillar estos datos y cómo se hace la consulta en el service?"
3."¿Cómo puedo programar una función para que un usuario se una o abandone un evento?Necesito que si el usuario le da al botón de unirse se meta su ID, y si le vuelve a dar (o le da a abandonar), se borre de la lista. ¿Me guías para hacerlo en el controller?"
4. "Tengo este middleware en mi backend y necesito modificarlo un poco pero no se muy bien como hacerlo con lo de latitud y longitud. ¿Me ayudas a ver cómo adaptarlo para que valide bien lo que me llega?"